Removed Pin From Net: NetName=NetJ7_1 Pin=J8-1
Removed Pin From Net: NetName=NetJ7_3 Pin=J8-2
Removed Pin From Net: NetName=NetJ7_5 Pin=J8-3
Removed Pin From Net: NetName=AUX Pin=J8-4
Removed Pin From Net: NetName=GND Pin=J8-5
Removed Pin From Net: NetName=NetJ7_11 Pin=J8-6
Removed Pin From Net: NetName=M_1 Pin=J8-7
Removed Pin From Net: NetName=M_0 Pin=J8-8
Removed Pin From Net: NetName=NetJ7_17 Pin=J8-9
Removed Pin From Net: NetName=NetJ7_19 Pin=J8-10
Removed Pin From Net: NetName=NetJ7_21 Pin=J10-1
Removed Pin From Net: NetName=NetJ7_23 Pin=J10-2
Removed Pin From Net: NetName=GND Pin=J10-3
Removed Pin From Net: NetName=NetJ7_27 Pin=J10-4
Removed Pin From Net: NetName=TXDEN_1 Pin=J10-5
Removed Pin From Net: NetName=TXDEN_2 Pin=J10-6
Removed Pin From Net: NetName=NetJ7_33 Pin=J10-7
Removed Pin From Net: NetName=MISO Pin=J10-8
Removed Pin From Net: NetName=P26 Pin=J10-9
Removed Pin From Net: NetName=GND Pin=J10-10
Added Component: Designator=J8(CONN_SD-39511-001_10P_MOL)
Add component (AddParameter): Name = "Check_prices"; Value = "https://www.snapeda.com/parts/395111010/Molex/view-part/?ref=eda"; VariantName = "[No Variations]"
Add component (AddParameter): Name = "MF"; Value = "Molex"; VariantName = "[No Variations]"
Add component (AddParameter): Name = "MP"; Value = "395111010"; VariantName = "[No Variations]"
Add component (AddParameter): Name = "Package"; Value = "None"; VariantName = "[No Variations]"
Add component (AddParameter): Name = "SnapEDA_Link"; Value = "https://www.snapeda.com/parts/395111010/Molex/view-part/?ref=snap"; VariantName = "[No Variations]"
Add component (AddParameter): Name = "Value"; Value = ""; VariantName = "[No Variations]"
Added Component: Designator=J10(CONN_SD-39511-001_10P_MOL)
Add component (AddParameter): Name = "Check_prices"; Value = "https://www.snapeda.com/parts/395111010/Molex/view-part/?ref=eda"; VariantName = "[No Variations]"
Add component (AddParameter): Name = "MF"; Value = "Molex"; VariantName = "[No Variations]"
Add component (AddParameter): Name = "MP"; Value = "395111010"; VariantName = "[No Variations]"
Add component (AddParameter): Name = "Package"; Value = "None"; VariantName = "[No Variations]"
Add component (AddParameter): Name = "SnapEDA_Link"; Value = "https://www.snapeda.com/parts/395111010/Molex/view-part/?ref=snap"; VariantName = "[No Variations]"
Add component (AddParameter): Name = "Value"; Value = ""; VariantName = "[No Variations]"
Added Pin To Net: NetName=NetJ7_19 Pin=J8-1
Added Pin To Net: NetName=NetJ7_17 Pin=J8-2
Added Pin To Net: NetName=M_0 Pin=J8-3
Added Pin To Net: NetName=M_1 Pin=J8-4
Added Pin To Net: NetName=NetJ7_11 Pin=J8-5
Added Pin To Net: NetName=GND Pin=J8-6
Added Pin To Net: NetName=AUX Pin=J8-7
Added Pin To Net: NetName=NetJ7_5 Pin=J8-8
Added Pin To Net: NetName=NetJ7_3 Pin=J8-9
Added Pin To Net: NetName=NetJ7_1 Pin=J8-10
Added Pin To Net: NetName=GND Pin=J10-1
Added Pin To Net: NetName=P26 Pin=J10-2
Added Pin To Net: NetName=MISO Pin=J10-3
Added Pin To Net: NetName=NetJ7_33 Pin=J10-4
Added Pin To Net: NetName=TXDEN_2 Pin=J10-5
Added Pin To Net: NetName=TXDEN_1 Pin=J10-6
Added Pin To Net: NetName=NetJ7_27 Pin=J10-7
Added Pin To Net: NetName=GND Pin=J10-8
Added Pin To Net: NetName=NetJ7_23 Pin=J10-9
Added Pin To Net: NetName=NetJ7_21 Pin=J10-10
Added Room: Name=connect
Added Room: Name=LoRa_V
Added Room: Name=RS_485_V
