Removed Pin From Net: NetName=RPI_5V Pin=J4-1
Removed Pin From Net: NetName=GND Pin=J4-2
Removed Pin From Net: NetName=SCLK Pin=J4-3
Removed Pin From Net: NetName=MISO Pin=J4-4
Removed Pin From Net: NetName=MOSI Pin=J4-5
Removed Pin From Net: NetName=CS Pin=J4-6
Removed Pin From Net: NetName=IRQ Pin=J4-7
Removed Pin From Net: NetName=TXDEN_1 Pin=J4-8
Removed Pin From Net: NetName=TXDEN_2 Pin=J4-9
Removed Member From Class: ClassName=RS_485_V Member=J4
Added Component: Designator=P13(HDR1X9)
Add component (AddParameter): Name = "LatestRevisionDate"; Value = "17-Jul-2002"; VariantName = "[No Variations]"
Add component (AddParameter): Name = "LatestRevisionNote"; Value = "Re-released for DXP Platform."; VariantName = "[No Variations]"
Add component (AddParameter): Name = "Publisher"; Value = "Altium Limited"; VariantName = "[No Variations]"
Added Pin To Net: NetName=TXDEN_2 Pin=P13-1
Added Pin To Net: NetName=TXDEN_1 Pin=P13-2
Added Pin To Net: NetName=IRQ Pin=P13-3
Added Pin To Net: NetName=CS Pin=P13-4
Added Pin To Net: NetName=MOSI Pin=P13-5
Added Pin To Net: NetName=MISO Pin=P13-6
Added Pin To Net: NetName=SCLK Pin=P13-7
Added Pin To Net: NetName=GND Pin=P13-8
Added Pin To Net: NetName=RPI_5V Pin=P13-9
Added Member To Class: ClassName=RS_485_V Member=Component P13 Header 9
Added Room: Name=connect
Added Room: Name=LoRa_V
Added Room: Name=RS_485_V
